Using pre-set license
Built from '2021.1/release' branch; Version is '2021.1.4f1 (4cd64a618c1b) revision 5035594'; Using compiler version '192528614'; Build Type 'Release'
OS: 'Windows 10 Pro; OS build 19042.630; Version 2009; 64bit' Language: 'en' Physical Memory: 16298 MB
BatchMode: 1, IsHumanControllingUs: 0, StartBugReporterOnCrash: 0, Is64bit: 1, IsPro: 0

 COMMAND LINE ARGUMENTS:
C:\Program Files\Unity\Hub\Editor\2021.1.4f1\Editor\Unity.exe
-adb2
-batchMode
-noUpm
-name
AssetImportWorker0
-projectPath
D:/Git/RPG
-logFile
Logs/AssetImportWorker0.log
-srvPort
65381
Successfully changed project path to: D:/Git/RPG
D:/Git/RPG
Using Asset Import Pipeline V2.
Refreshing native plugins compatible for Editor in 53.98 ms, found 0 plugins.
Preloading 0 native plugins for Editor in 0.00 ms.
Initialize engine version: 2021.1.4f1 (4cd64a618c1b)
[Subsystems] Discovering subsystems at path C:/Program Files/Unity/Hub/Editor/2021.1.4f1/Editor/Data/Resources/UnitySubsystems
[Subsystems] Discovering subsystems at path D:/Git/RPG/Assets
GfxDevice: creating device client; threaded=0; jobified=0
Direct3D:
    Version:  Direct3D 11.0 [level 11.1]
    Renderer: NVIDIA GeForce RTX 2080 (ID=0x1e87)
    Vendor:   NVIDIA
    VRAM:     8010 MB
    Driver:   27.21.14.5730
Initialize mono
Mono path[0] = 'C:/Program Files/Unity/Hub/Editor/2021.1.4f1/Editor/Data/Managed'
Mono path[1] = 'C:/Program Files/Unity/Hub/Editor/2021.1.4f1/Editor/Data/MonoBleedingEdge/lib/mono/unityjit'
Mono config path = 'C:/Program Files/Unity/Hub/Editor/2021.1.4f1/Editor/Data/MonoBleedingEdge/etc'
Using monoOptions --debugger-agent=transport=dt_socket,embedding=1,server=y,suspend=n,address=127.0.0.1:56260
Begin MonoManager ReloadAssembly
Registering precompiled unity dll's ...
Register platform support module: C:/Program Files/Unity/Hub/Editor/2021.1.4f1/Editor/Data/PlaybackEngines/WindowsStandaloneSupport/UnityEditor.WindowsStandalone.Extensions.dll
Registered in 0.001674 seconds.
Native extension for WindowsStandalone target not found
Refreshing native plugins compatible for Editor in 46.67 ms, found 0 plugins.
Preloading 0 native plugins for Editor in 0.00 ms.
Mono: successfully reloaded assembly
- Completed reload, in  1.863 seconds
Platform modules already initialized, skipping
Registering precompiled user dll's ...
Registered in 0.003304 seconds.
Begin MonoManager ReloadAssembly
Native extension for WindowsStandalone target not found
Refreshing native plugins compatible for Editor in 0.49 ms, found 0 plugins.
Preloading 0 native plugins for Editor in 0.00 ms.
Mono: successfully reloaded assembly
- Completed reload, in  0.760 seconds
Platform modules already initialized, skipping
========================================================================
Worker process is ready to serve import requests
Launched and connected shader compiler UnityShaderCompiler.exe after 0.04 seconds
Refreshing native plugins compatible for Editor in 0.48 ms, found 0 plugins.
Preloading 0 native plugins for Editor in 0.00 ms.
Unloading 1809 Unused Serialized files (Serialized files now loaded: 0)
System memory in use before: 79.2 MB.
System memory in use after: 79.3 MB.

Unloading 43 unused Assets to reduce memory usage. Loaded Objects now: 2250.
Total: 1.815700 ms (FindLiveObjects: 0.144300 ms CreateObjectMapping: 0.047700 ms MarkObjects: 1.571600 ms  DeleteObjects: 0.051400 ms)

========================================================================
Received Import Request.
  path: Assets/Scripts/Profession/Profession.cs
  artifactKey: Guid(3d76fffeb7e520e44971f6b14f0281a8) Importer(815301076,1909f56bfc062723c751e8b465ee728b)
Start importing Assets/Scripts/Profession/Profession.cs using Guid(3d76fffeb7e520e44971f6b14f0281a8) Importer(815301076,1909f56bfc062723c751e8b465ee728b)  -> (artifact id: '738ff9fccdc917ca6f5d9b9a79174bae') in 0.022620 seconds 
========================================================================
Received Import Request.
  Time since last request: 20.210684 seconds.
  path: Assets/Scripts/Profession/Profession.cs
  artifactKey: Guid(3d76fffeb7e520e44971f6b14f0281a8) Importer(815301076,1909f56bfc062723c751e8b465ee728b)
Start importing Assets/Scripts/Profession/Profession.cs using Guid(3d76fffeb7e520e44971f6b14f0281a8) Importer(815301076,1909f56bfc062723c751e8b465ee728b)  -> (artifact id: '70ebf0fc0f1b38c057de7c4b3b481a0d') in 0.003980 seconds 
========================================================================
Received Import Request.
  Time since last request: 8.243330 seconds.
  path: Assets/Scripts/Profession/Profession.cs
  artifactKey: Guid(3d76fffeb7e520e44971f6b14f0281a8) Importer(815301076,1909f56bfc062723c751e8b465ee728b)
Start importing Assets/Scripts/Profession/Profession.cs using Guid(3d76fffeb7e520e44971f6b14f0281a8) Importer(815301076,1909f56bfc062723c751e8b465ee728b)  -> (artifact id: '8e5c69f0565f8bf918a88c5b464bc2a4') in 0.004698 seconds 
========================================================================
Received Import Request.
  Time since last request: 31.955493 seconds.
  path: Assets/Scripts/Profession/Profession.cs
  artifactKey: Guid(3d76fffeb7e520e44971f6b14f0281a8) Importer(815301076,1909f56bfc062723c751e8b465ee728b)
Start importing Assets/Scripts/Profession/Profession.cs using Guid(3d76fffeb7e520e44971f6b14f0281a8) Importer(815301076,1909f56bfc062723c751e8b465ee728b)  -> (artifact id: 'f92d845a245a8dd297bbc42d6b49b8ca') in 0.003790 seconds 
========================================================================
Received Prepare
Registering precompiled user dll's ...
Registered in 0.003885 seconds.
Begin MonoManager ReloadAssembly
Native extension for WindowsStandalone target not found
Refreshing native plugins compatible for Editor in 0.74 ms, found 0 plugins.
Preloading 0 native plugins for Editor in 0.00 ms.
Mono: successfully reloaded assembly
- Completed reload, in  0.771 seconds
Platform modules already initialized, skipping
Refreshing native plugins compatible for Editor in 0.47 ms, found 0 plugins.
Preloading 0 native plugins for Editor in 0.00 ms.
Unloading 1790 Unused Serialized files (Serialized files now loaded: 0)
System memory in use before: 77.8 MB.
System memory in use after: 77.9 MB.

Unloading 34 unused Assets to reduce memory usage. Loaded Objects now: 2253.
Total: 1.726000 ms (FindLiveObjects: 0.253300 ms CreateObjectMapping: 0.115000 ms MarkObjects: 1.336500 ms  DeleteObjects: 0.019700 ms)

========================================================================
Received Prepare
Registering precompiled user dll's ...
Registered in 0.003390 seconds.
Begin MonoManager ReloadAssembly
Native extension for WindowsStandalone target not found
Refreshing native plugins compatible for Editor in 0.89 ms, found 0 plugins.
Preloading 0 native plugins for Editor in 0.00 ms.
Mono: successfully reloaded assembly
- Completed reload, in  0.860 seconds
Platform modules already initialized, skipping
Refreshing native plugins compatible for Editor in 0.51 ms, found 0 plugins.
Preloading 0 native plugins for Editor in 0.00 ms.
Unloading 1790 Unused Serialized files (Serialized files now loaded: 0)
System memory in use before: 77.8 MB.
System memory in use after: 77.9 MB.

Unloading 34 unused Assets to reduce memory usage. Loaded Objects now: 2256.
Total: 2.399600 ms (FindLiveObjects: 0.551000 ms CreateObjectMapping: 0.157700 ms MarkObjects: 1.672800 ms  DeleteObjects: 0.017300 ms)

AssetImportWorkerClient::OnTransportError - code=2 error=End of file
